./snap/01_reader/001_sentinel2.qft 
./snap/10_processing/thematic_water_processing/010_17_owt_processor.qft
./snap/10_processing/thematic_water_processing/010_16_fub_wew_processor.qft
./snap/10_processing/thematic_water_processing/010_15_05_c2r_cc_sentinel2_msi_processor.qft
./snap/10_processing/thematic_water_processing/010_15_04_c2r_cc_sentinel3_olci_processor.qft
./snap/10_processing/thematic_water_processing/010_15_03_c2r_cc_seawifs_processor.qft
./snap/10_processing/thematic_water_processing/010_15_02_c2r_cc_modis_processor.qft
./snap/10_processing/thematic_water_processing/010_15_01_c2r_cc_meris_processor.qft
./snap/10_processing/thematic_water_processing/010_14_fu_classification.qft
./snap/10_processing/thematic_water_processing/010_13_arc_sst_processor.qft
./snap/10_processing/thematic_water_processing/010_12_aatsr_sst_processor.qft
./snap/10_processing/thematic_water_processing/010_11_flh_mci_processor.qft
./snap/10_processing/thematic_water_processing/010_10_s2_mci_processor.qft
