./snap/01_reader/001_sentinel2.qft
./snap/01_reader/001_atsr.qft
./snap/01_reader/001_asar.qft
./snap/01_reader/001_aquarius.qft
./snap/01_reader/001_viirs.qft
./snap/01_reader/001_spot_vgt.qft
./snap/01_reader/001_sentinel3.qft
./snap/01_reader/001_sentinel2.qft
./snap/01_reader/001_seaDAS_L2.qft
./snap/01_reader/001_seaDAS_L1.qft
./snap/01_reader/001_proba_v.qft
./snap/01_reader/001_prism.qft
./snap/01_reader/001_noaa_avhrr_3_L1b.qft
./snap/01_reader/001_netCdf_generic.qft
./snap/01_reader/001_netCdf_cf.qft
./snap/01_reader/001_netCdf_beam.qft
./snap/01_reader/001_multispectral_binned_SeaDAS.qft
./snap/01_reader/001_modis_MOD_MXD_MYD.qft
./snap/01_reader/001_modisL1B.qft
./snap/01_reader/001_landsat_tm.qft
./snap/01_reader/001_landsat_geotiff.qft
./snap/01_reader/001_hdf_eos_gridded.qft
./snap/01_reader/001_geotiff.qft
./snap/01_reader/001_ers_sar.qft
./snap/01_reader/001_ers_atsr.qft
./snap/01_reader/001_envisat.qft
./snap/01_reader/001_envi_reader.qft
./snap/01_reader/001_dimap.qft
./snap/01_reader/001_chris.qft
./snap/01_reader/001_avnir2.qft

