./snap/01_reader/001_sentinel2.qft
./snap/01_reader/001_sentinel3.qft
./snap/02_analysis_tools/002_01_band_statistics_sentinel3.qft
./snap/02_analysis_tools/002_02_histogram_sentinel3.qft
./snap/03_tools/003_02_create_band_from_Math_expression.qft
./snap/03_tools/003_03_math_expression_editor.qft
./snap/03_tools/003_04_attach_pixel_geocoding.qft
./snap/04_edit/004_01_undo_redo.qft
./snap/05_export/005_01_colour_legend_as_image.qft
./snap/05_export/005_02_colour_palette.qft
./snap/05_export/005_03_geocoding_envi_gcp_file.qft
./snap/05_export/005_04_geometry_as_shape_file.qft
./snap/06_imaging_tools/006_05_mask_management.qft
./snap/10_processing/geometric/010_02_reprojection.qft
./snap/10_processing/geometric/010_06_resampling.qft
./snap/10_processing/preprocessing/010_28_radiance-to-reflectance_processor.qft
./snap/10_processing/preprocessing/010_26_rayleigh_correction_tool.qft 
./snap/10_processing/preprocessing/010_21_meris_cloud_probability.qft
./snap/10_processing/thematic_water_processing/010_17_owt_processor.qft
./snap/10_processing/thematic_water_processing/010_14_fu_classification.qft
./snap/10_processing/thematic_water_processing/010_13_arc_sst_processor.qft
./snap/10_processing/thematic_water_processing/010_12_aatsr_sst_processor.qft
./snap/15_smos_box/015_06_netcdf_conversion_as_gpt_operator.qft
./snap/40_gpt/040_pduStitching.qft